FILE_TYPE=LIBRARY_PARTS;
PRIMITIVE 'BMRA000606303R3MA1','BMRA000606303R3MA1_Other';
  PIN
    '1':
      PIN_NUMBER='(1)';
      NO_LOAD_CHECK=BOTH;
      NO_IO_CHECK=BOTH;
      ALLOW_CONNECT=TRUE;
      PINUSE='UNSPEC';
    '2':
      PIN_NUMBER='(2)';
      NO_LOAD_CHECK=BOTH;
      NO_IO_CHECK=BOTH;
      ALLOW_CONNECT=TRUE;
      PINUSE='UNSPEC';
  END_PIN;
  BODY
    PART_NAME='BMRA000606303R3MA1';
    PHYS_DES_PREFIX='L';
    NO_LOAD_CHECK='TRUE';
    PIN_COUNT='2';
    BODY_NAME='BMRA000606303R3MA1';
    JEDEC_TYPE='BMRA000606303R3MA1';
  END_BODY;
END_PRIMITIVE;
END.
